// Vitest Snapshot v1, https://vitest.dev/guide/snapshot.html

exports[`fn: parser > parses the raw XLS data into the expected shape 1`] = `
[
  {
    "cardioTime": 10,
    "date": "2023-01-01",
    "exercises": [
      {
        "advancedTechnique": undefined,
        "name": "Levantamento Terra",
        "reps": "12",
        "rest": 45,
        "series": 4,
      },
      {
        "advancedTechnique": undefined,
        "name": "Puxada Vertical Peg Supinada",
        "reps": "10",
        "rest": 45,
        "series": 4,
      },
      {
        "advancedTechnique": undefined,
        "name": "Puxada Vertical Peg Pronada",
        "reps": "10",
        "rest": 45,
        "series": 4,
      },
      {
        "advancedTechnique": undefined,
        "name": "Remada Unilateral Peg Supinada",
        "reps": "12",
        "rest": 45,
        "series": 4,
      },
      {
        "advancedTechnique": undefined,
        "name": "Flexão de Punho Barra Sentado",
        "reps": "12",
        "rest": 45,
        "series": 3,
      },
      {
        "advancedTechnique": undefined,
        "name": "Extensão de Punho Barra Sentado",
        "reps": "8",
        "rest": 45,
        "series": 2,
      },
      {
        "advancedTechnique": undefined,
        "name": "Rosca Inversa Cross",
        "reps": "10",
        "rest": 45,
        "series": 3,
      },
    ],
    "id": "8c201f9d99d8660e50f76943e5538824ff0b503f0d694be8e45dcb2012bf0199",
    "subtitle": "Dorsais + Antebraço",
    "title": "Treino A",
  },
  {
    "cardioTime": 40,
    "date": "2023-01-02",
    "exercises": null,
    "id": "7e65c08399f374598ba494366526fd78e83ff479d02f645a2a5f83c57a06d574",
    "subtitle": "AEJ",
    "title": "Cardio",
  },
  {
    "cardioTime": 10,
    "date": "2023-01-03",
    "exercises": [
      {
        "advancedTechnique": "rest_and_pause",
        "name": "Supino Reto Barra",
        "reps": "12",
        "rest": 45,
        "series": 5,
      },
      {
        "advancedTechnique": undefined,
        "name": "Crucifixo Reto Halteres",
        "reps": "10",
        "rest": 45,
        "series": 5,
      },
      {
        "advancedTechnique": undefined,
        "name": "Peck Deck ou Crucifixo Na Máquina",
        "reps": "8",
        "rest": 45,
        "series": 5,
      },
      {
        "advancedTechnique": undefined,
        "name": "Supra",
        "reps": "10",
        "rest": 30,
        "series": 4,
      },
      {
        "advancedTechnique": undefined,
        "name": "Oblíquos",
        "reps": "15",
        "rest": 30,
        "series": 4,
      },
      {
        "advancedTechnique": undefined,
        "name": "Prancha",
        "reps": "F",
        "rest": 45,
        "series": 4,
      },
    ],
    "id": "b00c8ad97550f0dc5184ab8ce0b3f69b4e9ae5cc3554ebd18da3974784ab2164",
    "subtitle": "Peitoral + Abdômen",
    "title": "Treino B",
  },
  {
    "cardioTime": 40,
    "date": "2023-01-04",
    "exercises": null,
    "id": "37768d8a1e2e622bd1d48d3ce4668bb65ff5c27958994ff98fc5731c8e238562",
    "subtitle": "AEJ",
    "title": "Cardio",
  },
  {
    "cardioTime": 10,
    "date": "2023-01-05",
    "exercises": [
      {
        "advancedTechnique": undefined,
        "name": "Desenvolvimento Halteres",
        "reps": "8",
        "rest": 45,
        "series": 4,
      },
      {
        "advancedTechnique": "rest_and_pause",
        "name": "Elevação Lateral Halteres",
        "reps": "8",
        "rest": 45,
        "series": 4,
      },
      {
        "advancedTechnique": undefined,
        "name": "Elevação Frontal Halteres Peg Pronada",
        "reps": "8",
        "rest": 45,
        "series": 4,
      },
      {
        "advancedTechnique": undefined,
        "name": "Remada Alta Smith",
        "reps": "8",
        "rest": 45,
        "series": 5,
      },
      {
        "advancedTechnique": undefined,
        "name": "Encolhimento Barra Anterior",
        "reps": "8",
        "rest": 45,
        "series": 5,
      },
      {
        "advancedTechnique": undefined,
        "name": "Remada Alta Halteres",
        "reps": "8",
        "rest": 45,
        "series": 5,
      },
    ],
    "id": "9740819d99a802f3bf6db766f31c5e615e2bed987028ee1edf8d18ce5933b6eb",
    "subtitle": "Deltóides + Trapézio",
    "title": "Treino C",
  },
  {
    "cardioTime": 0,
    "date": "2023-01-06",
    "exercises": [
      {
        "advancedTechnique": undefined,
        "name": "Gêmeos Sentado Livre",
        "reps": "12",
        "rest": 60,
        "series": 4,
      },
      {
        "advancedTechnique": undefined,
        "name": "Gêmeos Em Pé Máquina",
        "reps": "12",
        "rest": 60,
        "series": 4,
      },
      {
        "advancedTechnique": undefined,
        "name": "Gêmeos Leg Press",
        "reps": "10",
        "rest": 60,
        "series": 2,
      },
      {
        "advancedTechnique": "rest_and_pause",
        "name": "Cadeira Flexora",
        "reps": "12",
        "rest": 60,
        "series": 5,
      },
      {
        "advancedTechnique": undefined,
        "name": "Cadeira Adutora",
        "reps": "10",
        "rest": 60,
        "series": 5,
      },
      {
        "advancedTechnique": undefined,
        "name": "Agachamento Livre",
        "reps": "8",
        "rest": 60,
        "series": 5,
      },
      {
        "advancedTechnique": undefined,
        "name": "Cadeira Abdutora",
        "reps": "10",
        "rest": 60,
        "series": 4,
      },
      {
        "advancedTechnique": undefined,
        "name": "Glúteos Graviton",
        "reps": "12",
        "rest": 60,
        "series": 4,
      },
      {
        "advancedTechnique": undefined,
        "name": "Glúteos Máquina",
        "reps": "10",
        "rest": 60,
        "series": 4,
      },
    ],
    "id": "2e848c609712232a442e2ff51b2e878285c5aeeafa83451177d0e5ad5e8b503b",
    "subtitle": "Panturrilha + Coxa",
    "title": "Treino D",
  },
  {
    "cardioTime": 10,
    "date": "2023-01-07",
    "exercises": [
      {
        "advancedTechnique": undefined,
        "name": "Rosca Alternada Cross-Over",
        "reps": "12",
        "rest": 45,
        "series": 4,
      },
      {
        "advancedTechnique": undefined,
        "name": "Rosca Direta Halteres",
        "reps": "10",
        "rest": 45,
        "series": 4,
      },
      {
        "advancedTechnique": undefined,
        "name": "Rosca Concentrada",
        "reps": "8",
        "rest": 45,
        "series": 4,
      },
      {
        "advancedTechnique": undefined,
        "name": "Tríceps Pulley Corda",
        "reps": "12",
        "rest": 45,
        "series": 4,
      },
      {
        "advancedTechnique": undefined,
        "name": "Tríceps Pulley Unilateral Peg Pronada",
        "reps": "10",
        "rest": 45,
        "series": 4,
      },
      {
        "advancedTechnique": undefined,
        "name": "Tríceps Pulley Unilateral Peg Supinada",
        "reps": "8",
        "rest": 45,
        "series": 4,
      },
      {
        "advancedTechnique": undefined,
        "name": "Oblíquos",
        "reps": "12",
        "rest": 30,
        "series": 4,
      },
      {
        "advancedTechnique": undefined,
        "name": "Infra",
        "reps": "10",
        "rest": 30,
        "series": 4,
      },
      {
        "advancedTechnique": undefined,
        "name": "Prancha",
        "reps": "F",
        "rest": 45,
        "series": 4,
      },
    ],
    "id": "e2152ce7677d3380449f1d614b4e5a5c376b9ffbf8132042fdf47fda110ee879",
    "subtitle": "Bíceps + Tríceps + Abdômen",
    "title": "Treino E",
  },
]
`;
