// Jest Snapshot v1, https://goo.gl/fbAQLP

exports[`<Gif /> matches snapshot 1`] = `
.emotion-0 {
  position: relative;
  margin: auto;
  max-width: 300px;
}

.emotion-1 {
  text-align: center;
  width: 100%;
}

<figure
  class="emotion-0"
>
  <img
    alt="foo bar"
    height="300"
    src="https://media.giphy.com/media/YqnXSeq7AFSYjAAhpU/giphy.gif"
    width="300"
  />
  <figcaption
    class="emotion-1"
    role="caption"
  >
    foo bar
  </figcaption>
</figure>
`;
