// Vitest Snapshot v1, https://vitest.dev/guide/snapshot.html

exports[`fn: updateExercises > updates all exercise correctly 1`] = `
[
  {
    "cardioTime": 0,
    "date": "2023-01-08",
    "exercises": [
      {
        "advancedTechnique": null,
        "name": "Levantamento Terra",
        "reps": "12",
        "rest": 45,
        "series": 4,
      },
      {
        "advancedTechnique": undefined,
        "name": "Puxada Vertical Peg Supinada",
        "reps": "10",
        "rest": 45,
        "series": 4,
      },
      {
        "advancedTechnique": undefined,
        "name": "Puxada Vertical Peg Pronada",
        "reps": "10",
        "rest": 45,
        "series": 4,
      },
      {
        "advancedTechnique": null,
        "name": "Remada Unilateral Peg Supinada",
        "reps": "12",
        "rest": 45,
        "series": 4,
      },
      {
        "advancedTechnique": null,
        "name": "Flexão de Punho Barra Sentado",
        "reps": "12",
        "rest": 45,
        "series": 3,
      },
      {
        "advancedTechnique": null,
        "name": "Extensão de Punho Barra Sentado",
        "reps": "8",
        "rest": 45,
        "series": 2,
      },
      {
        "advancedTechnique": undefined,
        "name": "Rosca Inversa Cross",
        "reps": "10",
        "rest": 45,
        "series": 3,
      },
    ],
    "id": "8e162e4cf8dd2898718c5e2cebbdfa29c8b5d01624a842ed71f727183cdf5224",
    "subtitle": "Dorsais + Antebraço",
    "title": "Treino A",
  },
  {
    "cardioTime": 0,
    "date": "2023-01-09",
    "exercises": null,
    "id": "b8d54423b3ce6cfc3329c7054348a0eb3d544a8bb57fffa8a939816e372ed472",
    "subtitle": "AEJ",
    "title": "Cardio",
  },
  {
    "cardioTime": 0,
    "date": "2023-01-10",
    "exercises": [
      {
        "advancedTechnique": "rest_and_pause",
        "name": "Supino Reto Barra",
        "reps": "12",
        "rest": 45,
        "series": 5,
      },
      {
        "advancedTechnique": null,
        "name": "Crucifixo Reto Halteres",
        "reps": "10",
        "rest": 45,
        "series": 5,
      },
      {
        "advancedTechnique": undefined,
        "name": "Peck Deck ou Crucifixo Na Máquina",
        "reps": "8",
        "rest": 45,
        "series": 5,
      },
      {
        "advancedTechnique": null,
        "name": "Supra",
        "reps": "10",
        "rest": 30,
        "series": 4,
      },
      {
        "advancedTechnique": null,
        "name": "Oblíquos",
        "reps": "15",
        "rest": 30,
        "series": 4,
      },
      {
        "advancedTechnique": null,
        "name": "Prancha",
        "reps": "F",
        "rest": 45,
        "series": 4,
      },
    ],
    "id": "9586d4448a832f8179a226fc6ffcd32b2a24cc6a04ff31e84c0e25e0acd52f5c",
    "subtitle": "Peitoral + Abdômen",
    "title": "Treino B",
  },
  {
    "cardioTime": 0,
    "date": "2023-01-11",
    "exercises": null,
    "id": "23eded54599c71f8c83599eafb8c6f1ff857053dbe7fd1df8f6cd84312956f57",
    "subtitle": "AEJ",
    "title": "Cardio",
  },
  {
    "cardioTime": 0,
    "date": "2023-01-12",
    "exercises": [
      {
        "advancedTechnique": null,
        "name": "Desenvolvimento Halteres",
        "reps": "8",
        "rest": 45,
        "series": 4,
      },
      {
        "advancedTechnique": "rest_and_pause",
        "name": "Elevação Lateral Halteres",
        "reps": "8",
        "rest": 45,
        "series": 4,
      },
      {
        "advancedTechnique": null,
        "name": "Elevação Frontal Halteres Peg Pronada",
        "reps": "8",
        "rest": 45,
        "series": 4,
      },
      {
        "advancedTechnique": null,
        "name": "Remada Alta Smith",
        "reps": "8",
        "rest": 45,
        "series": 5,
      },
      {
        "advancedTechnique": undefined,
        "name": "Encolhimento Barra Anterior",
        "reps": "8",
        "rest": 45,
        "series": 5,
      },
      {
        "advancedTechnique": undefined,
        "name": "Remada Alta Halteres",
        "reps": "8",
        "rest": 45,
        "series": 5,
      },
    ],
    "id": "6944197def090466ac43ba3c84d816d537c3e180858486cd541460c002305388",
    "subtitle": "Deltóides + Trapézio",
    "title": "Treino C",
  },
  {
    "cardioTime": 0,
    "date": "2023-01-13",
    "exercises": [
      {
        "advancedTechnique": null,
        "name": "Gêmeos Sentado Livre",
        "reps": "12",
        "rest": 60,
        "series": 4,
      },
      {
        "advancedTechnique": null,
        "name": "Gêmeos Em Pé Máquina",
        "reps": "12",
        "rest": 60,
        "series": 4,
      },
      {
        "advancedTechnique": null,
        "name": "Gêmeos Leg Press",
        "reps": "10",
        "rest": 60,
        "series": 2,
      },
      {
        "advancedTechnique": "rest_and_pause",
        "name": "Cadeira Flexora",
        "reps": "12",
        "rest": 60,
        "series": 5,
      },
      {
        "advancedTechnique": null,
        "name": "Cadeira Adutora",
        "reps": "10",
        "rest": 60,
        "series": 5,
      },
      {
        "advancedTechnique": null,
        "name": "Agachamento Livre",
        "reps": "8",
        "rest": 60,
        "series": 5,
      },
      {
        "advancedTechnique": null,
        "name": "Cadeira Abdutora",
        "reps": "10",
        "rest": 60,
        "series": 4,
      },
      {
        "advancedTechnique": null,
        "name": "Glúteos Graviton",
        "reps": "12",
        "rest": 60,
        "series": 4,
      },
      {
        "advancedTechnique": null,
        "name": "Glúteos Máquina",
        "reps": "10",
        "rest": 60,
        "series": 4,
      },
    ],
    "id": "abc66f68b12371a7a8f3cfefc2465f8383cb98285dcddb9f169754b73272ec8c",
    "subtitle": "Panturrilha + Coxa",
    "title": "Treino D",
  },
  {
    "cardioTime": 0,
    "date": "2023-01-14",
    "exercises": [
      {
        "advancedTechnique": null,
        "name": "Rosca Alternada Cross-Over",
        "reps": "12",
        "rest": 45,
        "series": 4,
      },
      {
        "advancedTechnique": undefined,
        "name": "Rosca Direta Halteres",
        "reps": "10",
        "rest": 45,
        "series": 4,
      },
      {
        "advancedTechnique": null,
        "name": "Rosca Concentrada",
        "reps": "8",
        "rest": 45,
        "series": 4,
      },
      {
        "advancedTechnique": undefined,
        "name": "Tríceps Pulley Corda",
        "reps": "12",
        "rest": 45,
        "series": 4,
      },
      {
        "advancedTechnique": null,
        "name": "Tríceps Pulley Unilateral Peg Pronada",
        "reps": "10",
        "rest": 45,
        "series": 4,
      },
      {
        "advancedTechnique": null,
        "name": "Tríceps Pulley Unilateral Peg Supinada",
        "reps": "8",
        "rest": 45,
        "series": 4,
      },
      {
        "advancedTechnique": null,
        "name": "Oblíquos",
        "reps": "12",
        "rest": 30,
        "series": 4,
      },
      {
        "advancedTechnique": null,
        "name": "Infra",
        "reps": "10",
        "rest": 30,
        "series": 4,
      },
      {
        "advancedTechnique": null,
        "name": "Prancha",
        "reps": "F",
        "rest": 45,
        "series": 4,
      },
    ],
    "id": "3c943f48f379151df2446bc3d0cc821be49b5296355923357719e380e3266f88",
    "subtitle": "Bíceps + Tríceps + Abdômen",
    "title": "Treino E",
  },
]
`;
